[2026-07-14 11:36:04] [INFO] === EXPORT SCRIPT START ===
[2026-07-14 11:36:04] [INFO] Memory Limit: 512M
[2026-07-14 11:36:04] [INFO] Max Execution Time: 300
[2026-07-14 11:36:04] [INFO] POST/GET data: {"page":"data_export"}
[2026-07-14 11:36:07] [INFO] === EXPORT SCRIPT START ===
[2026-07-14 11:36:07] [INFO] Memory Limit: 512M
[2026-07-14 11:36:07] [INFO] Max Execution Time: 300
[2026-07-14 11:36:07] [INFO] POST/GET data: {"page":"data_export"}
[2026-07-14 11:36:15] [INFO] === EXPORT SCRIPT START ===
[2026-07-14 11:36:15] [INFO] Memory Limit: 512M
[2026-07-14 11:36:15] [INFO] Max Execution Time: 300
[2026-07-14 11:36:15] [INFO] POST/GET data: {"page":"data_export"}
[2026-07-14 11:42:00] [INFO] === EXPORT SCRIPT START ===
[2026-07-14 11:42:00] [INFO] Memory Limit: 512M
[2026-07-14 11:42:00] [INFO] Max Execution Time: 300
[2026-07-14 11:42:00] [INFO] POST/GET data: {"page":"data_export"}
[2026-07-14 11:42:04] [INFO] === EXPORT SCRIPT START ===
[2026-07-14 11:42:04] [INFO] Memory Limit: 512M
[2026-07-14 11:42:04] [INFO] Max Execution Time: 300
[2026-07-14 11:42:04] [INFO] POST/GET data: {"page":"data_export"}
[2026-07-14 12:29:14] [INFO] === PAGE LOAD ===
[2026-07-14 12:29:14] [INFO] POST: []
[2026-07-14 12:29:18] [INFO] === PAGE LOAD ===
[2026-07-14 12:29:18] [INFO] POST: []
[2026-07-14 12:29:22] [INFO] === PAGE LOAD ===
[2026-07-14 12:29:22] [INFO] POST: {"export_action":"export_xlsx"}
[2026-07-14 12:29:22] [INFO] ✓ EXPORT REQUEST DETECTED
[2026-07-14 12:29:22] [INFO] Step 1: Including dependencies
[2026-07-14 12:29:22] [FATAL] ✗ FATAL: Failed opening required '/var/www/html/s-wms/pages/../assets/vendor/autoload.php' (include_path='.:/usr/share/php')
[2026-07-14 12:31:52] [INFO] === PAGE LOAD ===
[2026-07-14 12:31:52] [INFO] POST: []
[2026-07-14 12:34:47] [INFO] === PAGE LOAD ===
[2026-07-14 12:34:47] [INFO] POST: []
[2026-07-14 12:34:50] [INFO] === PAGE LOAD ===
[2026-07-14 12:34:50] [INFO] POST: {"export_action":"export_xlsx"}
[2026-07-14 12:34:50] [INFO] ✓ EXPORT REQUEST DETECTED
[2026-07-14 12:34:50] [INFO] Step 1: Including dependencies
[2026-07-14 12:34:50] [INFO] ✓ Dependencies loaded
[2026-07-14 12:34:50] [INFO] Step 2: Query database
[2026-07-14 12:34:50] [INFO] ✓ Database query executed
[2026-07-14 12:34:50] [INFO] Step 3: Create spreadsheet
[2026-07-14 12:34:50] [INFO] ✓ Spreadsheet created
[2026-07-14 12:34:50] [INFO] Step 4: Add headers
[2026-07-14 12:34:50] [INFO] Step 5: Process data
[2026-07-14 12:34:50] [INFO] ✓ Processed 4882 rows
[2026-07-14 12:34:51] [INFO] Step 6: Save file
[2026-07-14 12:34:52] [INFO] ✓ File saved: D:\xampp\htdocs\demo\s-wms\pages/../assets/database/inventory_20260714_123451.xlsx
[2026-07-14 12:34:52] [INFO] ✓ File size: 111,230 bytes
[2026-07-14 12:34:52] [INFO] ✓ EXPORT SUCCESS
[2026-07-14 12:34:52] [INFO] === PAGE LOAD ===
[2026-07-14 12:34:52] [INFO] POST: []
[2026-07-14 12:34:54] [INFO] === PAGE LOAD ===
[2026-07-14 12:34:54] [INFO] POST: []
